// Jest Snapshot v1, https://goo.gl/fbAQLP

exports[`FormField 1`] = `
LoadedCheerio {
  "0": Node {
    "attribs": Object {
      "class": "sc-bdfBQB cKuDsH",
    },
    "children": Array [
      Node {
        "attribs": Object {
          "class": "sc-gsTEea cBjoYm",
          "for": "firstName",
        },
        "children": Array [
          Node {
            "data": "First Name",
            "next": null,
            "parent": [Circular],
            "prev": null,
            "type": "text",
          },
        ],
        "name": "label",
        "namespace": "http://www.w3.org/1999/xhtml",
        "next": Node {
          "attribs": Object {
            "autocomplete": "off",
            "class": "sc-dlfnuX lmXmdC",
            "label": "First Name",
            "name": "firstName",
            "type": "text",
          },
          "children": Array [],
          "name": "input",
          "namespace": "http://www.w3.org/1999/xhtml",
          "next": Node {
            "attribs": Object {
              "class": "sc-hKgJUU gMLbch",
            },
            "children": Array [],
            "name": "div",
            "namespace": "http://www.w3.org/1999/xhtml",
            "next": null,
            "parent": [Circular],
            "prev": [Circular],
            "type": "tag",
            "x-attribsNamespace": Object {
              "class": undefined,
            },
            "x-attribsPrefix": Object {
              "class": undefined,
            },
          },
          "parent": [Circular],
          "prev": [Circular],
          "type": "tag",
          "x-attribsNamespace": Object {
            "autocomplete": undefined,
            "class": undefined,
            "label": undefined,
            "name": undefined,
            "type": undefined,
          },
          "x-attribsPrefix": Object {
            "autocomplete": undefined,
            "class": undefined,
            "label": undefined,
            "name": undefined,
            "type": undefined,
          },
        },
        "parent": [Circular],
        "prev": null,
        "type": "tag",
        "x-attribsNamespace": Object {
          "class": undefined,
          "for": undefined,
        },
        "x-attribsPrefix": Object {
          "class": undefined,
          "for": undefined,
        },
      },
      Node {
        "attribs": Object {
          "autocomplete": "off",
          "class": "sc-dlfnuX lmXmdC",
          "label": "First Name",
          "name": "firstName",
          "type": "text",
        },
        "children": Array [],
        "name": "input",
        "namespace": "http://www.w3.org/1999/xhtml",
        "next": Node {
          "attribs": Object {
            "class": "sc-hKgJUU gMLbch",
          },
          "children": Array [],
          "name": "div",
          "namespace": "http://www.w3.org/1999/xhtml",
          "next": null,
          "parent": [Circular],
          "prev": [Circular],
          "type": "tag",
          "x-attribsNamespace": Object {
            "class": undefined,
          },
          "x-attribsPrefix": Object {
            "class": undefined,
          },
        },
        "parent": [Circular],
        "prev": Node {
          "attribs": Object {
            "class": "sc-gsTEea cBjoYm",
            "for": "firstName",
          },
          "children": Array [
            Node {
              "data": "First Name",
              "next": null,
              "parent": [Circular],
              "prev": null,
              "type": "text",
            },
          ],
          "name": "label",
          "namespace": "http://www.w3.org/1999/xhtml",
          "next": [Circular],
          "parent": [Circular],
          "prev": null,
          "type": "tag",
          "x-attribsNamespace": Object {
            "class": undefined,
            "for": undefined,
          },
          "x-attribsPrefix": Object {
            "class": undefined,
            "for": undefined,
          },
        },
        "type": "tag",
        "x-attribsNamespace": Object {
          "autocomplete": undefined,
          "class": undefined,
          "label": undefined,
          "name": undefined,
          "type": undefined,
        },
        "x-attribsPrefix": Object {
          "autocomplete": undefined,
          "class": undefined,
          "label": undefined,
          "name": undefined,
          "type": undefined,
        },
      },
      Node {
        "attribs": Object {
          "class": "sc-hKgJUU gMLbch",
        },
        "children": Array [],
        "name": "div",
        "namespace": "http://www.w3.org/1999/xhtml",
        "next": null,
        "parent": [Circular],
        "prev": Node {
          "attribs": Object {
            "autocomplete": "off",
            "class": "sc-dlfnuX lmXmdC",
            "label": "First Name",
            "name": "firstName",
            "type": "text",
          },
          "children": Array [],
          "name": "input",
          "namespace": "http://www.w3.org/1999/xhtml",
          "next": [Circular],
          "parent": [Circular],
          "prev": Node {
            "attribs": Object {
              "class": "sc-gsTEea cBjoYm",
              "for": "firstName",
            },
            "children": Array [
              Node {
                "data": "First Name",
                "next": null,
                "parent": [Circular],
                "prev": null,
                "type": "text",
              },
            ],
            "name": "label",
            "namespace": "http://www.w3.org/1999/xhtml",
            "next": [Circular],
            "parent": [Circular],
            "prev": null,
            "type": "tag",
            "x-attribsNamespace": Object {
              "class": undefined,
              "for": undefined,
            },
            "x-attribsPrefix": Object {
              "class": undefined,
              "for": undefined,
            },
          },
          "type": "tag",
          "x-attribsNamespace": Object {
            "autocomplete": undefined,
            "class": undefined,
            "label": undefined,
            "name": undefined,
            "type": undefined,
          },
          "x-attribsPrefix": Object {
            "autocomplete": undefined,
            "class": undefined,
            "label": undefined,
            "name": undefined,
            "type": undefined,
          },
        },
        "type": "tag",
        "x-attribsNamespace": Object {
          "class": undefined,
        },
        "x-attribsPrefix": Object {
          "class": undefined,
        },
      },
    ],
    "name": "div",
    "namespace": "http://www.w3.org/1999/xhtml",
    "next": null,
    "parent": Node {
      "children": Array [
        [Circular],
      ],
      "name": "root",
      "next": null,
      "parent": null,
      "prev": null,
      "type": "root",
    },
    "prev": null,
    "type": "tag",
    "x-attribsNamespace": Object {
      "class": undefined,
    },
    "x-attribsPrefix": Object {
      "class": undefined,
    },
  },
  "_root": LoadedCheerio {
    "0": Node {
      "children": Array [
        Node {
          "attribs": Object {},
          "children": Array [
            Node {
              "attribs": Object {},
              "children": Array [],
              "name": "head",
              "namespace": "http://www.w3.org/1999/xhtml",
              "next": Node {
                "attribs": Object {},
                "children": Array [],
                "name": "body",
                "namespace": "http://www.w3.org/1999/xhtml",
                "next": null,
                "parent": [Circular],
                "prev": [Circular],
                "type": "tag",
                "x-attribsNamespace": Object {},
                "x-attribsPrefix": Object {},
              },
              "parent": [Circular],
              "prev": null,
              "type": "tag",
              "x-attribsNamespace": Object {},
              "x-attribsPrefix": Object {},
            },
            Node {
              "attribs": Object {},
              "children": Array [],
              "name": "body",
              "namespace": "http://www.w3.org/1999/xhtml",
              "next": null,
              "parent": [Circular],
              "prev": Node {
                "attribs": Object {},
                "children": Array [],
                "name": "head",
                "namespace": "http://www.w3.org/1999/xhtml",
                "next": [Circular],
                "parent": [Circular],
                "prev": null,
                "type": "tag",
                "x-attribsNamespace": Object {},
                "x-attribsPrefix": Object {},
              },
              "type": "tag",
              "x-attribsNamespace": Object {},
              "x-attribsPrefix": Object {},
            },
          ],
          "name": "html",
          "namespace": "http://www.w3.org/1999/xhtml",
          "next": null,
          "parent": [Circular],
          "prev": null,
          "type": "tag",
          "x-attribsNamespace": Object {},
          "x-attribsPrefix": Object {},
        },
      ],
      "name": "root",
      "next": null,
      "parent": null,
      "prev": null,
      "type": "root",
      "x-mode": "quirks",
    },
    "_root": [Circular],
    "length": 1,
    "options": Object {
      "decodeEntities": true,
      "xml": false,
    },
  },
  "length": 1,
  "options": Object {
    "decodeEntities": true,
    "xml": false,
  },
}
`;
